python3
'"A. Random Developer" <author@example.com>'
False
True
